Using pre-set license
Built from '6000.0/staging' branch; Version is '6000.0.41f1 (46e447368a18) revision 4645959'; Using compiler version '193933523'; Build Type 'Release'
OS: 'Windows 11  (10.0.22631) 64bit Core' Language: 'en' Physical Memory: 7551 MB
BatchMode: 1, IsHumanControllingUs: 0, StartBugReporterOnCrash: 0, Is64bit: 1, IsPro: 1

COMMAND LINE ARGUMENTS:
C:\Program Files\Unity\Hub\Editor\6000.0.41f1\Editor\Unity.exe
-adb2
-batchMode
-noUpm
-name
AssetImportWorker10
-projectPath
C:/Users/jayal/OneDrive/Documents/GitHub/MajaanGame
-logFile
Logs/AssetImportWorker10.log
-srvPort
49676
-job-worker-count
8
-background-job-worker-count
8
-gc-helper-count
1
Successfully changed project path to: C:/Users/jayal/OneDrive/Documents/GitHub/MajaanGame
C:/Users/jayal/OneDrive/Documents/GitHub/MajaanGame
[UnityMemory] Configuration Parameters - Can be set up in boot.config
    "memorysetup-bucket-allocator-granularity=16"
    "memorysetup-bucket-allocator-bucket-count=8"
    "memorysetup-bucket-allocator-block-size=33554432"
    "memorysetup-bucket-allocator-block-count=8"
    "memorysetup-main-allocator-block-size=16777216"
    "memorysetup-thread-allocator-block-size=16777216"
    "memorysetup-gfx-main-allocator-block-size=16777216"
    "memorysetup-gfx-thread-allocator-block-size=16777216"
    "memorysetup-cache-allocator-block-size=4194304"
    "memorysetup-typetree-allocator-block-size=2097152"
    "memorysetup-profiler-bucket-allocator-granularity=16"
    "memorysetup-profiler-bucket-allocator-bucket-count=8"
    "memorysetup-profiler-bucket-allocator-block-size=33554432"
    "memorysetup-profiler-bucket-allocator-block-count=8"
    "memorysetup-profiler-allocator-block-size=16777216"
    "memorysetup-profiler-editor-allocator-block-size=1048576"
    "memorysetup-temp-allocator-size-main=16777216"
    "memorysetup-job-temp-allocator-block-size=2097152"
    "memorysetup-job-temp-allocator-block-size-background=1048576"
    "memorysetup-job-temp-allocator-reduction-small-platforms=262144"
    "memorysetup-allocator-temp-initial-block-size-main=262144"
    "memorysetup-allocator-temp-initial-block-size-worker=262144"
    "memorysetup-temp-allocator-size-background-worker=32768"
    "memorysetup-temp-allocator-size-job-worker=262144"
    "memorysetup-temp-allocator-size-preload-manager=33554432"
    "memorysetup-temp-allocator-size-nav-mesh-worker=65536"
    "memorysetup-temp-allocator-size-audio-worker=65536"
    "memorysetup-temp-allocator-size-cloud-worker=32768"
    "memorysetup-temp-allocator-size-gi-baking-worker=262144"
    "memorysetup-temp-allocator-size-gi-baking-worker=262144"
    "memorysetup-temp-allocator-size-gi-baking-worker=262144"
    "memorysetup-temp-allocator-size-gi-baking-worker=262144"
    "memorysetup-temp-allocator-size-gi-baking-worker=262144"
    "memorysetup-temp-allocator-size-gfx=262144"
Player connection [23868]  Target information:

Player connection [23868]  * "[IP] 10.0.0.131 [Port] 0 [Flags] 2 [Guid] 2233484598 [EditorId] 2233484598 [Version] 1048832 [Id] WindowsEditor(7,JayAllenLaptop) [Debug] 1 [PackageName] WindowsEditor [ProjectName] Editor" 

Player connection [23868] Host joined multi-casting on [225.0.0.222:54997]...
Player connection [23868] Host joined alternative multi-casting on [225.0.0.222:34997]...
JobSystem: Creating JobQueue using job-worker-count value 8
Input System module state changed to: Initialized.
[Physics::Module] Initialized fallback backend.
[Physics::Module] Id: 0xdecafbad
Library Redirect Path: Library/
[Physics::Module] Selected backend.
[Physics::Module] Name: PhysX
[Physics::Module] Id: 0xf2b8ea05
[Physics::Module] SDK Version: 4.1.2
[Physics::Module] Integration Version: 1.0.0
[Physics::Module] Threading Mode: Multi-Threaded
Refreshing native plugins compatible for Editor in 17.05 ms, found 3 plugins.
Preloading 0 native plugins for Editor in 0.00 ms.
Initialize engine version: 6000.0.41f1 (46e447368a18)
[Subsystems] Discovering subsystems at path C:/Program Files/Unity/Hub/Editor/6000.0.41f1/Editor/Data/Resources/UnitySubsystems
[Subsystems] Discovering subsystems at path C:/Users/jayal/OneDrive/Documents/GitHub/MajaanGame/Assets
GfxDevice: creating device client; kGfxThreadingModeNonThreaded
Direct3D:
    Version:  Direct3D 11.0 [level 11.1]
    Renderer: Intel(R) Graphics (ID=0x7dd5)
    Vendor:   Intel
    VRAM:     4304 MB
    Driver:   32.0.101.6314
Initialize mono
Mono path[0] = 'C:/Program Files/Unity/Hub/Editor/6000.0.41f1/Editor/Data/Managed'
Mono path[1] = 'C:/Program Files/Unity/Hub/Editor/6000.0.41f1/Editor/Data/MonoBleedingEdge/lib/mono/unityjit-win32'
Mono config path = 'C:/Program Files/Unity/Hub/Editor/6000.0.41f1/Editor/Data/MonoBleedingEdge/etc'
Using monoOptions --debugger-agent=transport=dt_socket,embedding=1,server=y,suspend=n,address=127.0.0.1:56564
Begin MonoManager ReloadAssembly
Registering precompiled unity dll's ...
Register platform support module: C:/Program Files/Unity/Hub/Editor/6000.0.41f1/Editor/Data/PlaybackEngines/WindowsStandaloneSupport/UnityEditor.WindowsStandalone.Extensions.dll
Registered in 0.010009 seconds.
- Loaded All Assemblies, in  1.322 seconds
Native extension for WindowsStandalone target not found
Mono: successfully reloaded assembly
- Finished resetting the current domain, in  1.455 seconds
Domain Reload Profiling: 2780ms
	BeginReloadAssembly (679ms)
		ExecutionOrderSort (0ms)
		DisableScriptedObjects (0ms)
		BackupInstance (0ms)
		ReleaseScriptingObjects (0ms)
		CreateAndSetChildDomain (7ms)
	RebuildCommonClasses (98ms)
	RebuildNativeTypeToScriptingClass (20ms)
	initialDomainReloadingComplete (138ms)
	LoadAllAssembliesAndSetupDomain (383ms)
		LoadAssemblies (640ms)
		RebuildTransferFunctionScriptingTraits (0ms)
		AnalyzeDomain (374ms)
			TypeCache.Refresh (369ms)
				TypeCache.ScanAssembly (332ms)
			BuildScriptInfoCaches (2ms)
			ResolveRequiredComponents (2ms)
	FinalizeReload (1461ms)
		ReleaseScriptCaches (0ms)
		RebuildScriptCaches (0ms)
		SetupLoadedEditorAssemblies (1152ms)
			LogAssemblyErrors (0ms)
			InitializePlatformSupportModulesInManaged (60ms)
			SetLoadedEditorAssemblies (11ms)
			BeforeProcessingInitializeOnLoad (177ms)
			ProcessInitializeOnLoadAttributes (694ms)
			ProcessInitializeOnLoadMethodAttributes (210ms)
			AfterProcessingInitializeOnLoad (0ms)
			EditorAssembliesLoaded (0ms)
		ExecutionOrderSort2 (0ms)
		AwakeInstancesAfterBackupRestoration (0ms)
========================================================================
Worker process is ready to serve import requests
Import Worker Mode flag is 0x00
Begin MonoManager ReloadAssembly
- Loaded All Assemblies, in  4.772 seconds
Refreshing native plugins compatible for Editor in 7.88 ms, found 3 plugins.
Native extension for WindowsStandalone target not found
Mono: successfully reloaded assembly
- Finished resetting the current domain, in  4.963 seconds
Domain Reload Profiling: 9705ms
	BeginReloadAssembly (744ms)
		ExecutionOrderSort (0ms)
		DisableScriptedObjects (19ms)
		BackupInstance (0ms)
		ReleaseScriptingObjects (0ms)
		CreateAndSetChildDomain (109ms)
	RebuildCommonClasses (132ms)
	RebuildNativeTypeToScriptingClass (52ms)
	initialDomainReloadingComplete (101ms)
	LoadAllAssembliesAndSetupDomain (3709ms)
		LoadAssemblies (2462ms)
		RebuildTransferFunctionScriptingTraits (0ms)
		AnalyzeDomain (1752ms)
			TypeCache.Refresh (1099ms)
				TypeCache.ScanAssembly (995ms)
			BuildScriptInfoCaches (578ms)
			ResolveRequiredComponents (64ms)
	FinalizeReload (4966ms)
		ReleaseScriptCaches (0ms)
		RebuildScriptCaches (0ms)
		SetupLoadedEditorAssemblies (4020ms)
			LogAssemblyErrors (0ms)
			InitializePlatformSupportModulesInManaged (7ms)
			SetLoadedEditorAssemblies (13ms)
			BeforeProcessingInitializeOnLoad (314ms)
			ProcessInitializeOnLoadAttributes (2779ms)
			ProcessInitializeOnLoadMethodAttributes (875ms)
			AfterProcessingInitializeOnLoad (30ms)
			EditorAssembliesLoaded (3ms)
		ExecutionOrderSort2 (1ms)
		AwakeInstancesAfterBackupRestoration (47ms)
Launched and connected shader compiler UnityShaderCompiler.exe after 0.34 seconds
Refreshing native plugins compatible for Editor in 44.84 ms, found 3 plugins.
Preloading 0 native plugins for Editor in 0.00 ms.
Unloading 261 Unused Serialized files (Serialized files now loaded: 0)
Unloading 6138 unused Assets / (6.5 MB). Loaded Objects now: 6885.
Memory consumption went from 219.5 MB to 212.9 MB.
Total: 315.013100 ms (FindLiveObjects: 13.743100 ms CreateObjectMapping: 1.608600 ms MarkObjects: 282.289600 ms  DeleteObjects: 17.345800 ms)

========================================================================
Received Import Request.
  Time since last request: 455354.435360 seconds.
  path: Assets/Blink/Art/Weapons/LowPoly/FreeRPGWeapons/Wand/Wand.fbx
  artifactKey: Guid(67be24e8ee52ec04497cfee5403c5fa3) Importer(815301076,1909f56bfc062723c751e8b465ee728b)
Start importing Assets/Blink/Art/Weapons/LowPoly/FreeRPGWeapons/Wand/Wand.fbx using Guid(67be24e8ee52ec04497cfee5403c5fa3) Importer(815301076,1909f56bfc062723c751e8b465ee728b) (PreviewImporter) -> (artifact id: 'b35c1ba858a6899f9ab7ada4e589cb1e') in 6.939229 seconds
Number of updated asset objects reloaded before import = 0Number of asset objects unloaded after import = 8

========================================================================
Received Import Request.
  Time since last request: 0.000927 seconds.
  path: Assets/Blink/Art/Weapons/LowPoly/FreeRPGWeapons/Spears/Spear_2H_Textures/Spear2H_Epic.mat
  artifactKey: Guid(e61a4a82ad8533b41a8666acb38c391e) Importer(815301076,1909f56bfc062723c751e8b465ee728b)
Start importing Assets/Blink/Art/Weapons/LowPoly/FreeRPGWeapons/Spears/Spear_2H_Textures/Spear2H_Epic.mat using Guid(e61a4a82ad8533b41a8666acb38c391e) Importer(815301076,1909f56bfc062723c751e8b465ee728b) (PreviewImporter) -> (artifact id: '017e1721320b00bbc22288748102c87a') in 0.4570957 seconds
Number of updated asset objects reloaded before import = 0Number of asset objects unloaded after import = 5

========================================================================
Received Import Request.
  Time since last request: 0.000110 seconds.
  path: Assets/Blink/Art/Weapons/LowPoly/FreeRPGWeapons/Spears/Spear_1H_Textures/Spear1H_Medium.mat
  artifactKey: Guid(be19b84856293bf42b9826c8d8d47454) Importer(815301076,1909f56bfc062723c751e8b465ee728b)
Start importing Assets/Blink/Art/Weapons/LowPoly/FreeRPGWeapons/Spears/Spear_1H_Textures/Spear1H_Medium.mat using Guid(be19b84856293bf42b9826c8d8d47454) Importer(815301076,1909f56bfc062723c751e8b465ee728b) (PreviewImporter) -> (artifact id: 'b5e1fa1e463bac0ad07a797aae3248a7') in 0.300729 seconds
Number of updated asset objects reloaded before import = 0Number of asset objects unloaded after import = 4

========================================================================
Received Import Request.
  Time since last request: 0.000100 seconds.
  path: Assets/Toon Deserted Temples/Models/Materials/TFD_BG_Salt_Mountain_01.mat
  artifactKey: Guid(ae47a100324f1f44e8e3eb2cf32f008a) Importer(815301076,1909f56bfc062723c751e8b465ee728b)
Start importing Assets/Toon Deserted Temples/Models/Materials/TFD_BG_Salt_Mountain_01.mat using Guid(ae47a100324f1f44e8e3eb2cf32f008a) Importer(815301076,1909f56bfc062723c751e8b465ee728b) (PreviewImporter) -> (artifact id: 'c378d78193f205b470d2d44698541fb9') in 0.6942589 seconds
Number of updated asset objects reloaded before import = 0Number of asset objects unloaded after import = 5

========================================================================
Received Import Request.
  Time since last request: 0.000305 seconds.
  path: Assets/Toon Deserted Temples/Particles/Materials/TFD_Fog_01A.mat
  artifactKey: Guid(5cf428c5306ab6346ba39488e883a39a) Importer(815301076,1909f56bfc062723c751e8b465ee728b)
Start importing Assets/Toon Deserted Temples/Particles/Materials/TFD_Fog_01A.mat using Guid(5cf428c5306ab6346ba39488e883a39a) Importer(815301076,1909f56bfc062723c751e8b465ee728b) (PreviewImporter) -> (artifact id: '2294ff058dcfe8e0cb6e8bcf0ed125b9') in 1.7344531 seconds
Number of updated asset objects reloaded before import = 0Number of asset objects unloaded after import = 2

========================================================================
Received Import Request.
  Time since last request: 0.000426 seconds.
  path: Assets/Toon Deserted Temples/Models/Materials/TFD_Atlas_Vegetation_1A.mat
  artifactKey: Guid(8100ff974eb5f2d4f87e2ed2386d0d6a) Importer(815301076,1909f56bfc062723c751e8b465ee728b)
Start importing Assets/Toon Deserted Temples/Models/Materials/TFD_Atlas_Vegetation_1A.mat using Guid(8100ff974eb5f2d4f87e2ed2386d0d6a) Importer(815301076,1909f56bfc062723c751e8b465ee728b) (PreviewImporter) -> (artifact id: '164bade572fd8d5e95603ce1cb0c8b4f') in 0.619922 seconds
Number of updated asset objects reloaded before import = 0Number of asset objects unloaded after import = 7

========================================================================
Received Import Request.
  Time since last request: 0.000152 seconds.
  path: Assets/Blink/Art/Weapons/LowPoly/FreeRPGWeapons/Staff/Staff_Textures/Staff_Epic.mat
  artifactKey: Guid(cfb56399cccce3e4e8a4c320b5c68e20) Importer(815301076,1909f56bfc062723c751e8b465ee728b)
Start importing Assets/Blink/Art/Weapons/LowPoly/FreeRPGWeapons/Staff/Staff_Textures/Staff_Epic.mat using Guid(cfb56399cccce3e4e8a4c320b5c68e20) Importer(815301076,1909f56bfc062723c751e8b465ee728b) (PreviewImporter) -> (artifact id: '9dc579c2a13dc68492028aab48315ec7') in 0.7051788 seconds
Number of updated asset objects reloaded before import = 0Number of asset objects unloaded after import = 5

========================================================================
Received Import Request.
  Time since last request: 0.000161 seconds.
  path: Assets/Toon Deserted Temples/Skybox/TFD_Skybox_03A/Materials/TFD_Skybox_03A.mat
  artifactKey: Guid(b7a384e86abe8f64fb5e076556c44eb4) Importer(815301076,1909f56bfc062723c751e8b465ee728b)
Start importing Assets/Toon Deserted Temples/Skybox/TFD_Skybox_03A/Materials/TFD_Skybox_03A.mat using Guid(b7a384e86abe8f64fb5e076556c44eb4) Importer(815301076,1909f56bfc062723c751e8b465ee728b) (PreviewImporter) -> (artifact id: '772232101693d89fd51fa767522c612b') in 0.6907836 seconds
Number of updated asset objects reloaded before import = 0Number of asset objects unloaded after import = 2

========================================================================
Received Import Request.
  Time since last request: 0.000086 seconds.
  path: Assets/Blink/Art/Weapons/LowPoly/FreeRPGWeapons/Staff/Staff.fbx
  artifactKey: Guid(acd76795deeadd846a39bed2115bcc9b) Importer(815301076,1909f56bfc062723c751e8b465ee728b)
Start importing Assets/Blink/Art/Weapons/LowPoly/FreeRPGWeapons/Staff/Staff.fbx using Guid(acd76795deeadd846a39bed2115bcc9b) Importer(815301076,1909f56bfc062723c751e8b465ee728b) (PreviewImporter) -> (artifact id: 'dc8979a00d4922372d9224cf442024fa') in 0.234981 seconds
Number of updated asset objects reloaded before import = 0Number of asset objects unloaded after import = 8

========================================================================
Received Import Request.
  Time since last request: 0.000129 seconds.
  path: Assets/Toon Deserted Temples/Models/Materials/TFD_BG_Desert_Mountain_02.mat
  artifactKey: Guid(a4f3670e03a02664db2d9b50906a3e40) Importer(815301076,1909f56bfc062723c751e8b465ee728b)
Start importing Assets/Toon Deserted Temples/Models/Materials/TFD_BG_Desert_Mountain_02.mat using Guid(a4f3670e03a02664db2d9b50906a3e40) Importer(815301076,1909f56bfc062723c751e8b465ee728b) (PreviewImporter) -> (artifact id: '44ae5f6861521554bcceb7da6a7e3c65') in 1.1536098 seconds
Number of updated asset objects reloaded before import = 0Number of asset objects unloaded after import = 5

========================================================================
Received Import Request.
  Time since last request: 0.000331 seconds.
  path: Assets/Toon Deserted Temples/Particles/Materials/TFD_Sand_Storm_01A.mat
  artifactKey: Guid(a58022d6acb5f444386e274a1f20c50d) Importer(815301076,1909f56bfc062723c751e8b465ee728b)
Start importing Assets/Toon Deserted Temples/Particles/Materials/TFD_Sand_Storm_01A.mat using Guid(a58022d6acb5f444386e274a1f20c50d) Importer(815301076,1909f56bfc062723c751e8b465ee728b) (PreviewImporter) -> (artifact id: 'fd09ce4e1fa13e233ec9a42534e8ffdd') in 0.1405869 seconds
Number of updated asset objects reloaded before import = 0Number of asset objects unloaded after import = 2

========================================================================
Received Import Request.
  Time since last request: 0.004804 seconds.
  path: Assets/Toon Deserted Temples/Particles/Materials/TFD_Sand_Storm_01B.mat
  artifactKey: Guid(cb2c94407f95f1542ab17439cda57529) Importer(815301076,1909f56bfc062723c751e8b465ee728b)
Start importing Assets/Toon Deserted Temples/Particles/Materials/TFD_Sand_Storm_01B.mat using Guid(cb2c94407f95f1542ab17439cda57529) Importer(815301076,1909f56bfc062723c751e8b465ee728b) (PreviewImporter) -> (artifact id: '524641878057263411d828fd4861abbd') in 1.6733651 seconds
Number of updated asset objects reloaded before import = 0Number of asset objects unloaded after import = 2

========================================================================
Received Import Request.
  Time since last request: 0.006300 seconds.
  path: Assets/Training_dummy/Material/training_dummy.mat
  artifactKey: Guid(53405847abfaac84cb45cd7eb52dce90) Importer(815301076,1909f56bfc062723c751e8b465ee728b)
Start importing Assets/Training_dummy/Material/training_dummy.mat using Guid(53405847abfaac84cb45cd7eb52dce90) Importer(815301076,1909f56bfc062723c751e8b465ee728b) (PreviewImporter) -> (artifact id: 'eed681b18239c743d691daeab42bdd1f') in 1.2037773 seconds
Number of updated asset objects reloaded before import = 0Number of asset objects unloaded after import = 2

========================================================================
Received Import Request.
  Time since last request: 0.004697 seconds.
  path: Assets/STYLIZED Desert Kingdom/Materials/Materials/M_statue_guard.mat
  artifactKey: Guid(6a2da7465ececc14d8750b26376cf100) Importer(815301076,1909f56bfc062723c751e8b465ee728b)
Start importing Assets/STYLIZED Desert Kingdom/Materials/Materials/M_statue_guard.mat using Guid(6a2da7465ececc14d8750b26376cf100) Importer(815301076,1909f56bfc062723c751e8b465ee728b) (PreviewImporter) -> (artifact id: '70afd5565adc1432ee217ca411896d9a') in 3.2549638 seconds
Number of updated asset objects reloaded before import = 0Number of asset objects unloaded after import = 5

========================================================================
Received Import Request.
  Time since last request: 0.005296 seconds.
  path: Assets/TextMesh Pro/Shaders/TMP_SDF-HDRP UNLIT.shadergraph
  artifactKey: Guid(f63d574838ccfb44f84acc05fed0af48) Importer(815301076,1909f56bfc062723c751e8b465ee728b)
Start importing Assets/TextMesh Pro/Shaders/TMP_SDF-HDRP UNLIT.shadergraph using Guid(f63d574838ccfb44f84acc05fed0af48) Importer(815301076,1909f56bfc062723c751e8b465ee728b) (PreviewImporter) -> (artifact id: 'c2903713a277231bb8122da3ece969e7') in 0.4640548 seconds
Number of updated asset objects reloaded before import = 0Number of asset objects unloaded after import = 2

Editor requested this worker to shutdown with reason: Scaling down because of idle timeout
AssetImportWorker is now disconnected from the server
Process exiting
Exiting without the bug reporter. Application will terminate with return code 0